2010-07-24 08:28:10,700 [main] ERROR com.xuggle.ferry.JNILibraryLoader - Could not load library: xuggle-xuggler; version: 3; Visit http://www.xuggle.com/xuggler/faq/ to find common solutions to this problem
2010-08-02 05:45:49,767 [main] ERROR com.xuggle.ferry.JNILibraryLoader - Could not load library: xuggle-xuggler; version: 3; Visit http://www.xuggle.com/xuggler/faq/ to find common solutions to this problem
2010-08-02 05:48:13,819 [main] ERROR com.xuggle.ferry.JNILibraryLoader - Could not load library: xuggle-xuggler; version: 3; Visit http://www.xuggle.com/xuggler/faq/ to find common solutions to this problem
2010-08-02 05:48:47,368 [main] WARN  com.xuggle.ferry.JNILibraryLoader - Failure: library load of library: xuggle-xuggler; version: 3: absolute path: /usr/local/xuggler/lib/libxuggle-xuggler.so.3; error: java.lang.UnsatisfiedLinkError: /usr/local/xuggler/lib/libxuggle-xuggler.so.3.4.1012: libxuggle-ferry.so.3: cannot open shared object file: No such file or directory
2010-08-02 05:48:47,374 [main] WARN  com.xuggle.ferry.JNILibraryLoader - Failure: library load of library: xuggle-xuggler; version: 3: absolute path: /usr/local/xuggler/lib/libxuggle-xuggler.so; error: java.lang.UnsatisfiedLinkError: /usr/local/xuggler/lib/libxuggle-xuggler.so.3.4.1012: libxuggle-ferry.so.3: cannot open shared object file: No such file or directory
2010-08-02 05:48:47,383 [main] ERROR com.xuggle.ferry.JNILibraryLoader - Could not load library: xuggle-xuggler; version: 3; Visit http://www.xuggle.com/xuggler/faq/ to find common solutions to this problem
2010-08-02 05:50:14,228 [main] WARN  com.xuggle.ferry.JNILibraryLoader - Failure: library load of library: xuggle-xuggler; version: 3: absolute path: /usr/local/xuggler/lib/libxuggle-xuggler.so.3; error: java.lang.UnsatisfiedLinkError: /usr/local/xuggler/lib/libxuggle-xuggler.so.3.4.1012: libxuggle-ferry.so.3: cannot open shared object file: No such file or directory
2010-08-02 05:50:14,236 [main] WARN  com.xuggle.ferry.JNILibraryLoader - Failure: library load of library: xuggle-xuggler; version: 3: absolute path: /usr/local/xuggler/lib/libxuggle-xuggler.so; error: java.lang.UnsatisfiedLinkError: /usr/local/xuggler/lib/libxuggle-xuggler.so.3.4.1012: libxuggle-ferry.so.3: cannot open shared object file: No such file or directory
2010-08-02 05:50:14,237 [main] ERROR com.xuggle.ferry.JNILibraryLoader - Could not load library: xuggle-xuggler; version: 3; Visit http://www.xuggle.com/xuggler/faq/ to find common solutions to this problem
2010-08-02 05:51:52,702 [main] WARN  com.xuggle.ferry.JNILibraryLoader - Failure: library load of library: xuggle-xuggler; version: 3: absolute path: /usr/local/xuggler/lib/libxuggle-xuggler.so.3; error: java.lang.UnsatisfiedLinkError: /usr/local/xuggler/lib/libxuggle-xuggler.so.3.4.1012: libxuggle-ferry.so.3: cannot open shared object file: No such file or directory
2010-08-02 05:51:52,717 [main] WARN  com.xuggle.ferry.JNILibraryLoader - Failure: library load of library: xuggle-xuggler; version: 3: absolute path: /usr/local/xuggler/lib/libxuggle-xuggler.so; error: java.lang.UnsatisfiedLinkError: /usr/local/xuggler/lib/libxuggle-xuggler.so.3.4.1012: libxuggle-ferry.so.3: cannot open shared object file: No such file or directory
2010-08-02 05:51:52,718 [main] ERROR com.xuggle.ferry.JNILibraryLoader - Could not load library: xuggle-xuggler; version: 3; Visit http://www.xuggle.com/xuggler/faq/ to find common solutions to this problem
2010-08-02 15:01:18,187 [main] ERROR com.xuggle.ferry.JNILibraryLoader - Could not load library: xuggle-xuggler; version: 3; Visit http://www.xuggle.com/xuggler/faq/ to find common solutions to this problem
